// Jest Snapshot v1, https://goo.gl/fbAQLP

exports[`App should render correctly 1`] = `
<div>
  <section
    className="playing"
  >
    <div
      className="playing__art"
    >
      <img
        alt="Album Art"
        src=""
      />
    </div>
    <div
      className="playing__song"
    >
      <a
        className="playing__song__name"
      >
        Some Type of Love
      </a>
      <a
        className="playing__song__artist"
      >
        Charlie Puth
      </a>
    </div>
    <div
      className="playing__add"
    >
      <i
        className="ion-checkmark"
      />
    </div>
  </section>
  <section
    className="current-track"
  >
    <div
      className="current-track__actions"
    >
      <a
        className="ion-ios-skipbackward"
      />
      <a
        className="ion-ios-play play"
      />
      <a
        className="ion-ios-skipforward"
      />
    </div>
    <div
      className="current-track__progress"
    >
      <div
        className="current-track__progress__start"
      >
        0:01
      </div>
      <div
        className="current-track__progress__bar"
      >
        <div
          id="song-progress"
        />
      </div>
      <div
        className="current-track__progress__finish"
      >
        3:07
      </div>
    </div>
    <div
      className="current-track__options"
    >
      <a
        className="lyrics"
        href="#"
      >
        Lyrics
      </a>
      <span
        className="controls"
      >
        <a
          className="control"
          href="#"
        >
          <i
            className="ion-navicon"
          />
        </a>
        <a
          className="control"
          href="#"
        >
          <i
            className="ion-shuffle"
          />
        </a>
        <a
          className="control"
          href="#"
        >
          <i
            className="fa fa-refresh"
          />
        </a>
        <a
          className="control devices"
          href="#"
        >
          <i
            className="ion-iphone"
          />
          <span>
            Devices Available
          </span>
        </a>
        <a
          className="control volume"
          href="#"
        >
          <i
            className="ion-volume-high"
          />
          <div
            id="song-volume"
          />
        </a>
      </span>
    </div>
  </section>
</div>
`;
